
  EPA STORM WATER MANAGEMENT MODEL - VERSION 5.2 (Build 5.2.4)
  ------------------------------------------------------------

  Verification fixture: several conduits plus one non-conduit link, so an A/B 
  results diff has a real distribution to report and the conduits-only default 
  has something to exclude. 
  
  ****************
  Analysis Options
  ****************
  Flow Units ............... CFS
  Process Models:
    Rainfall/Runoff ........ YES
    RDII ................... NO
    Snowmelt ............... NO
    Groundwater ............ NO
    Flow Routing ........... YES
    Ponding Allowed ........ NO
    Water Quality .......... NO
  Infiltration Method ...... HORTON
  Flow Routing Method ...... DYNWAVE
  Surcharge Method ......... EXTRAN
  Starting Date ............ 01/01/2020 00:00:00
  Ending Date .............. 01/01/2020 08:00:00
  Antecedent Dry Days ...... 0.0
  Report Time Step ......... 00:05:00
  Wet Time Step ............ 00:05:00
  Dry Time Step ............ 01:00:00
  Routing Time Step ........ 15.00 sec
  Variable Time Step ....... YES
  Maximum Trials ........... 8
  Number of Threads ........ 1
  Head Tolerance ........... 0.005000 ft
  
  
  **************************        Volume         Depth
  Runoff Quantity Continuity     acre-feet        inches
  **************************     ---------       -------
  Total Precipitation ......         4.200         2.800
  Evaporation Loss .........         0.000         0.000
  Infiltration Loss ........         1.541         1.027
  Surface Runoff ...........         2.631         1.754
  Final Storage ............         0.031         0.021
  Continuity Error (%) .....        -0.085
  
  
  **************************        Volume        Volume
  Flow Routing Continuity        acre-feet      10^6 gal
  **************************     ---------     ---------
  Dry Weather Inflow .......         0.000         0.000
  Wet Weather Inflow .......         2.631         0.857
  Groundwater Inflow .......         0.000         0.000
  RDII Inflow ..............         0.000         0.000
  External Inflow ..........         0.000         0.000
  External Outflow .........         2.602         0.848
  Flooding Loss ............         0.000         0.000
  Evaporation Loss .........         0.000         0.000
  Exfiltration Loss ........         0.000         0.000
  Initial Stored Volume ....         0.000         0.000
  Final Stored Volume ......         0.030         0.010
  Continuity Error (%) .....        -0.018
  
  
  ***************************
  Time-Step Critical Elements
  ***************************
  None
  
  
  ********************************
  Highest Flow Instability Indexes
  ********************************
  All links are stable.
  
  
  *********************************
  Most Frequent Nonconverging Nodes
  *********************************
  Convergence obtained at all time steps.
  
  
  *************************
  Routing Time Step Summary
  *************************
  Minimum Time Step           :    14.50 sec
  Average Time Step           :    14.99 sec
  Maximum Time Step           :    15.00 sec
  % of Time in Steady State   :     0.00
  Average Iterations per Step :     2.00
  % of Steps Not Converging   :     0.00
  Time Step Frequencies       :
     15.000 -  7.597 sec      :   100.00 %
      7.597 -  3.848 sec      :     0.00 %
      3.848 -  1.949 sec      :     0.00 %
      1.949 -  0.987 sec      :     0.00 %
      0.987 -  0.500 sec      :     0.00 %
  
  
  ***************************
  Subcatchment Runoff Summary
  ***************************
  
  ------------------------------------------------------------------------------------------------------------------------------
                            Total      Total      Total      Total     Imperv       Perv      Total       Total     Peak  Runoff
                           Precip      Runon       Evap      Infil     Runoff     Runoff     Runoff      Runoff   Runoff   Coeff
  Subcatchment                 in         in         in         in         in         in         in    10^6 gal      CFS
  ------------------------------------------------------------------------------------------------------------------------------
  S1                         2.80       0.00       0.00       1.00       1.52       0.26       1.78        0.29     5.01   0.636
  S2                         2.80       0.00       0.00       1.35       1.11       0.33       1.44        0.16     2.73   0.514
  S3                         2.80       0.00       0.00       0.89       1.66       0.23       1.89        0.41     7.06   0.676
  
  
  ******************
  Node Depth Summary
  ******************
  
  ---------------------------------------------------------------------------------
                                 Average  Maximum  Maximum  Time of Max    Reported
                                   Depth    Depth      HGL   Occurrence   Max Depth
  Node                 Type         Feet     Feet     Feet  days hr:min        Feet
  ---------------------------------------------------------------------------------
  J1                   JUNCTION     0.25     0.67   100.67     0  02:00        0.67
  J2                   JUNCTION     0.31     0.84    98.84     0  02:00        0.84
  J3                   JUNCTION     0.41     1.08    97.08     0  02:00        1.08
  J4                   JUNCTION     0.45     1.22    95.22     0  02:01        1.21
  J5                   JUNCTION     0.35     0.93    92.93     0  02:02        0.92
  O1                   OUTFALL      0.34     0.93    90.93     0  02:02        0.92
  ST1                  STORAGE      1.22     1.81    94.81     0  02:02        1.81
  
  
  *******************
  Node Inflow Summary
  *******************
  
  -------------------------------------------------------------------------------------------------
                                  Maximum  Maximum                  Lateral       Total        Flow
                                  Lateral    Total  Time of Max      Inflow      Inflow     Balance
                                   Inflow   Inflow   Occurrence      Volume      Volume       Error
  Node                 Type           CFS      CFS  days hr:min    10^6 gal    10^6 gal     Percent
  -------------------------------------------------------------------------------------------------
  J1                   JUNCTION      5.01     5.01     0  02:00        0.29        0.29      -0.005
  J2                   JUNCTION      2.73     7.73     0  02:00       0.156       0.446       0.004
  J3                   JUNCTION      7.06    14.74     0  02:00       0.411       0.857       0.005
  J4                   JUNCTION      0.00    14.70     0  02:00           0       0.857      -0.031
  J5                   JUNCTION      0.00    14.65     0  02:02           0       0.848       0.014
  O1                   OUTFALL       0.00    14.66     0  02:02           0       0.848       0.000
  ST1                  STORAGE       0.00    14.68     0  02:01           0       0.858       0.245
  
  
  **********************
  Node Surcharge Summary
  **********************
  
  No nodes were surcharged.
  
  
  *********************
  Node Flooding Summary
  *********************
  
  No nodes were flooded.
  
  
  **********************
  Storage Volume Summary
  **********************
  
  ------------------------------------------------------------------------------------------------
                         Average    Avg   Evap  Exfil     Maximum    Max    Time of Max    Maximum
                          Volume   Pcnt   Pcnt   Pcnt      Volume   Pcnt     Occurrence    Outflow
  Storage Unit          1000 ft³   Full   Loss   Loss    1000 ft³   Full    days hr:min        CFS
  ------------------------------------------------------------------------------------------------
  ST1                      1.223   20.4    0.0    0.0       1.813   30.2       0  02:02      14.65
  
  
  ***********************
  Outfall Loading Summary
  ***********************
  
  -----------------------------------------------------------
                         Flow       Avg       Max       Total
                         Freq      Flow      Flow      Volume
  Outfall Node           Pcnt       CFS       CFS    10^6 gal
  -----------------------------------------------------------
  O1                    94.79      4.15     14.66       0.848
  -----------------------------------------------------------
  System                94.79      4.15     14.66       0.848
  
  
  ********************
  Link Flow Summary
  ********************
  
  -----------------------------------------------------------------------------
                                 Maximum  Time of Max   Maximum    Max/    Max/
                                  |Flow|   Occurrence   |Veloc|    Full    Full
  Link                 Type          CFS  days hr:min    ft/sec    Flow   Depth
  -----------------------------------------------------------------------------
  C1                   CONDUIT      5.00     0  02:00      4.60    0.24    0.38
  C2                   CONDUIT      7.70     0  02:00      5.15    0.37    0.48
  C3                   CONDUIT     14.70     0  02:00      6.67    0.39    0.46
  C4                   CONDUIT     14.68     0  02:01      4.72    0.48    0.61
  C5                   CONDUIT     14.66     0  02:02      7.89    0.21    0.31
  W1                   WEIR        14.65     0  02:02                      0.27
  
  
  ***************************
  Flow Classification Summary
  ***************************
  
  -------------------------------------------------------------------------------------
                      Adjusted    ---------- Fraction of Time in Flow Class ---------- 
                       /Actual         Up    Down  Sub   Sup   Up    Down  Norm  Inlet 
  Conduit               Length    Dry  Dry   Dry   Crit  Crit  Crit  Crit  Ltd   Ctrl  
  -------------------------------------------------------------------------------------
  C1                      1.00   0.00  0.00  0.00  0.47  0.53  0.00  0.00  0.98  0.00
  C2                      1.00   0.00  0.00  0.00  0.52  0.48  0.00  0.00  1.00  0.00
  C3                      1.00   0.00  0.00  0.00  0.37  0.63  0.00  0.00  0.93  0.00
  C4                      1.00   0.00  0.00  0.00  0.97  0.03  0.00  0.00  0.95  0.00
  C5                      1.00   0.05  0.00  0.00  0.00  0.95  0.00  0.00  0.26  0.00
  
  
  *************************
  Conduit Surcharge Summary
  *************************
  
  No conduits were surcharged.
  

  Analysis begun on:  Tue Sep  1 07:33:22 2026
  Analysis ended on:  Tue Sep  1 07:33:22 2026
  Total elapsed time: < 1 sec